---
source: src/interpreter/runtime.rs
expression: ctx.file_tree.root_node().to_sexp()
---
(translation_unit (function_definition type: (primitive_type) declarator: (function_declarator declarator: (identifier) parameters: (parameter_list (parameter_declaration type: (primitive_type)))) body: (compound_statement (declaration type: (type_identifier) declarator: (identifier)))))
